SQL> 
SQL> --student id: 33521026
SQL> --student name: Er Jun Yet
SQL> 
SQL> 
SQL> DROP TABLE CABIN CASCADE CONSTRAINTS 
  2  ;

Table CABIN dropped.

SQL> 
SQL> DROP TABLE COUNTRY CASCADE CONSTRAINTS 
  2  ;

Table COUNTRY dropped.

SQL> 
SQL> DROP TABLE CRUISE CASCADE CONSTRAINTS 
  2  ;

Table CRUISE dropped.

SQL> 
SQL> DROP TABLE GENDER CASCADE CONSTRAINTS 
  2  ;

Table GENDER dropped.

SQL> 
SQL> DROP TABLE ITINERARY CASCADE CONSTRAINTS 
  2  ;

Table ITINERARY dropped.

SQL> 
SQL> DROP TABLE MANIFEST CASCADE CONSTRAINTS 
  2  ;

Table MANIFEST dropped.

SQL> 
SQL> DROP TABLE OPERATOR CASCADE CONSTRAINTS 
  2  ;

Table OPERATOR dropped.

SQL> 
SQL> DROP TABLE PASSENGER CASCADE CONSTRAINTS 
  2  ;

Table PASSENGER dropped.

SQL> 
SQL> DROP TABLE PORT CASCADE CONSTRAINTS 
  2  ;

Table PORT dropped.

SQL> 
SQL> DROP TABLE SHIP CASCADE CONSTRAINTS 
  2  ;

Table SHIP dropped.

SQL> 
SQL> -- predefined type, no DDL - MDSYS.SDO_GEOMETRY
SQL> 
SQL> -- predefined type, no DDL - XMLTYPE
SQL> 
SQL> CREATE TABLE ADDRESS 
  2      ( 
  3       address_id       NUMBER (10)  NOT NULL , 
  4       address_street   VARCHAR2 (30)  NOT NULL , 
  5       address_town     VARCHAR2 (30)  NOT NULL , 
  6       address_postcode NUMBER (4)  NOT NULL , 
  7       country_code     CHAR (3)  NOT NULL 
  8      ) 
  9  ;

Error starting at line : 49 in command -
CREATE TABLE ADDRESS 
    ( 
     address_id       NUMBER (10)  NOT NULL , 
     address_street   VARCHAR2 (30)  NOT NULL , 
     address_town     VARCHAR2 (30)  NOT NULL , 
     address_postcode NUMBER (4)  NOT NULL , 
     country_code     CHAR (3)  NOT NULL 
    )
Error report -
ORA-00955: name is already used by an existing object

https://docs.oracle.com/error-help/db/ora-00955/
00955. 00000 -  "name is already used by an existing object"
*Cause:    An attempt was made to create a database object (such
           as a table, view, cluster, index, or synonym) that already
           existed. A user's database objects must have distinct names.
*Action:   Enter a unique name for the database object or modify
           or drop the existing object so it can be reused.
SQL> 
SQL> COMMENT ON COLUMN ADDRESS.address_id IS 'Passenger address identifier' 
  2  ;

Comment created.

SQL> 
SQL> COMMENT ON COLUMN ADDRESS.address_street IS 'Passenger address street' 
  2  ;

Comment created.

SQL> 
SQL> COMMENT ON COLUMN ADDRESS.address_town IS 'Passenger address town' 
  2  ;

Comment created.

SQL> 
SQL> COMMENT ON COLUMN ADDRESS.address_postcode IS 'Passenger address postcode (Eg. 3800)' 
  2  ;

Comment created.

SQL> 
SQL> COMMENT ON COLUMN ADDRESS.country_code IS 'Country code char (Eg. AUS)' 
  2  ;

Comment created.

SQL> 
SQL> ALTER TABLE ADDRESS 
  2      ADD CONSTRAINT ADDRESS_PK PRIMARY KEY ( address_id ) ;

Error starting at line : 74 in command -
ALTER TABLE ADDRESS 
    ADD CONSTRAINT ADDRESS_PK PRIMARY KEY ( address_id )
Error report -
ORA-02260: table can have only one primary key

https://docs.oracle.com/error-help/db/ora-02260/
02260. 00000 -  "table can have only one primary key"
*Cause:    Self-evident.
*Action:   Remove the extra primary key.
SQL> 
SQL> ALTER TABLE ADDRESS 
  2      ADD CONSTRAINT ADDRESS_UQ UNIQUE ( address_street , address_town , address_postcode , country_code ) ;

Error starting at line : 77 in command -
ALTER TABLE ADDRESS 
    ADD CONSTRAINT ADDRESS_UQ UNIQUE ( address_street , address_town , address_postcode , country_code )
Error report -
ORA-02261: such unique or primary key already exists in the table

https://docs.oracle.com/error-help/db/ora-02261/
02261. 00000 -  "The unique or primary key already exists in the table."
*Cause:    The unique or primary key value that was used already exists in the
           table.
*Action:   Remove the extra key or specify an unused value for the key.
SQL> 
SQL> CREATE TABLE CABIN 
  2      ( 
  3       cabin_no             VARCHAR2 (3)  NOT NULL , 
  4       ship_code            VARCHAR2 (6)  NOT NULL , 
  5       cabin_sleep_capacity NUMBER (3)  NOT NULL , 
  6       cabin_class          CHAR (1)  NOT NULL 
  7      ) 
  8  ;

Table CABIN created.

SQL> 
SQL> ALTER TABLE CABIN 
  2      ADD CONSTRAINT chk_cabin_class 
  3      CHECK (cabin_class IN ('B', 'I', 'O', 'S')) 
  4  ;

Table CABIN altered.

SQL> 
SQL> COMMENT ON COLUMN CABIN.cabin_no IS 'Cabin number (Eg. B10)' 
  2  ;

Comment created.

SQL> 
SQL> COMMENT ON COLUMN CABIN.ship_code IS 'Ship code number (Eg. AUS102)' 
  2  ;

Comment created.

SQL> 
SQL> COMMENT ON COLUMN CABIN.cabin_sleep_capacity IS 'Cabin sleeping capacity' 
  2  ;

Comment created.

SQL> 
SQL> COMMENT ON COLUMN CABIN.cabin_class IS 'Cabin class: I-Interior, O-Ocean view, B-Balcony, S-Suite' 
  2  ;

Comment created.

SQL> 
SQL> ALTER TABLE CABIN 
  2      ADD CONSTRAINT CABIN_PK PRIMARY KEY ( cabin_no, ship_code ) ;

Table CABIN altered.

SQL> 
SQL> CREATE TABLE COUNTRY 
  2      ( 
  3       country_code CHAR (3)  NOT NULL , 
  4       country_name VARCHAR2 (60)  NOT NULL 
  5      ) 
  6  ;

Table COUNTRY created.

SQL> 
SQL> COMMENT ON COLUMN COUNTRY.country_code IS 'Country code char (Eg. AUS)' 
  2  ;

Comment created.

SQL> 
SQL> COMMENT ON COLUMN COUNTRY.country_name IS 'Country name' 
  2  ;

Comment created.

SQL> 
SQL> ALTER TABLE COUNTRY 
  2      ADD CONSTRAINT COUNTRY_PK PRIMARY KEY ( country_code ) ;

Table COUNTRY altered.

SQL> 
SQL> CREATE TABLE CRUISE 
  2      ( 
  3       cruise_id           NUMBER (4)  NOT NULL , 
  4       cruise_dep_datetime DATE  NOT NULL , 
  5       cruise_name         VARCHAR2 (30)  NOT NULL , 
  6       cruise_desc         VARCHAR2 (50)  NOT NULL , 
  7       cruise_cost         NUMBER (8,2)  NOT NULL , 
  8       ship_code           VARCHAR2 (6)  NOT NULL 
  9      ) 
 10  ;

Table CRUISE created.

SQL> 
SQL> COMMENT ON COLUMN CRUISE.cruise_id IS 'Cruise identification number (Eg. 1234)' 
  2  ;

Comment created.

SQL> 
SQL> COMMENT ON COLUMN CRUISE.cruise_dep_datetime IS 'Cruise departure date and time' 
  2  ;

Comment created.

SQL> 
SQL> COMMENT ON COLUMN CRUISE.cruise_name IS 'Cruise name' 
  2  ;

Comment created.

SQL> 
SQL> COMMENT ON COLUMN CRUISE.cruise_desc IS 'Cruise description' 
  2  ;

Comment created.

SQL> 
SQL> COMMENT ON COLUMN CRUISE.cruise_cost IS 'Cruise cost per person' 
  2  ;

Comment created.

SQL> 
SQL> COMMENT ON COLUMN CRUISE.ship_code IS 'Ship code number (Eg. AUS102)' 
  2  ;

Comment created.

SQL> 
SQL> ALTER TABLE CRUISE 
  2      ADD CONSTRAINT CRUISE_PK PRIMARY KEY ( cruise_id ) ;

Table CRUISE altered.

SQL> 
SQL> CREATE TABLE GENDER 
  2      ( 
  3       gender_id   NUMBER (10)  NOT NULL , 
  4       gender_name VARCHAR2 (30)  NOT NULL 
  5      ) 
  6  ;

Table GENDER created.

SQL> 
SQL> COMMENT ON COLUMN GENDER.gender_id IS 'Gender identification number' 
  2  ;

Comment created.

SQL> 
SQL> COMMENT ON COLUMN GENDER.gender_name IS 'Gender name' 
  2  ;

Comment created.

SQL> 
SQL> ALTER TABLE GENDER 
  2      ADD CONSTRAINT GENDER_PK PRIMARY KEY ( gender_id ) ;

Table GENDER altered.

SQL> 
SQL> CREATE TABLE ITINERARY 
  2      ( 
  3       itinerary_datetime DATE  NOT NULL , 
  4       cruise_id          NUMBER (4)  NOT NULL , 
  5       itinerary_activity CHAR (1)  NOT NULL , 
  6       port_code          CHAR (5)  NOT NULL 
  7      ) 
  8  ;

Table ITINERARY created.

SQL> 
SQL> ALTER TABLE ITINERARY 
  2      ADD CONSTRAINT chk_itinerary_activity 
  3      CHECK (itinerary_activity IN ('A', 'D')) 
  4  ;

Table ITINERARY altered.

SQL> 
SQL> COMMENT ON COLUMN ITINERARY.itinerary_datetime IS 'Cruise itinerary date and time' 
  2  ;

Comment created.

SQL> 
SQL> COMMENT ON COLUMN ITINERARY.cruise_id IS 'Cruise identification number (Eg. 1234)' 
  2  ;

Comment created.

SQL> 
SQL> COMMENT ON COLUMN ITINERARY.itinerary_activity IS 'Cruise departure (D) or arrival (A) activity' 
  2  ;

Comment created.

SQL> 
SQL> COMMENT ON COLUMN ITINERARY.port_code IS 'Port code char (Eg. AUSYD)' 
  2  ;

Comment created.

SQL> 
SQL> ALTER TABLE ITINERARY 
  2      ADD CONSTRAINT ITINERARY_PK PRIMARY KEY ( itinerary_datetime, cruise_id ) ;

Table ITINERARY altered.

SQL> 
SQL> CREATE TABLE MANIFEST 
  2      ( 
  3       cruise_id             NUMBER (4)  NOT NULL , 
  4       passenger_id          NUMBER (7)  NOT NULL , 
  5       manifest_boa_datetime DATE , 
  6       cabin_no              VARCHAR2 (3)  NOT NULL , 
  7       ship_code             VARCHAR2 (6)  NOT NULL 
  8      ) 
  9  ;

Table MANIFEST created.

SQL> 
SQL> COMMENT ON COLUMN MANIFEST.cruise_id IS 'Cruise identification number (Eg. 1234)' 
  2  ;

Comment created.

SQL> 
SQL> COMMENT ON COLUMN MANIFEST.passenger_id IS 'Passenger identification number' 
  2  ;

Comment created.

SQL> 
SQL> COMMENT ON COLUMN MANIFEST.manifest_boa_datetime IS 'Manifest record on guest boarding date and time (recorded only when boarded)' 
  2  ;

Comment created.

SQL> 
SQL> COMMENT ON COLUMN MANIFEST.cabin_no IS 'Cabin number (Eg. B10)' 
  2  ;

Comment created.

SQL> 
SQL> COMMENT ON COLUMN MANIFEST.ship_code IS 'Ship code number (Eg. AUS102)' 
  2  ;

Comment created.

SQL> 
SQL> ALTER TABLE MANIFEST 
  2      ADD CONSTRAINT MANIFEST_PK PRIMARY KEY ( cruise_id, passenger_id ) ;

Table MANIFEST altered.

SQL> 
SQL> CREATE TABLE OPERATOR 
  2      ( 
  3       operator_id        NUMBER (7)  NOT NULL , 
  4       operator_com_name  VARCHAR2 (30)  NOT NULL , 
  5       operator_ceo_fname VARCHAR2 (30) , 
  6       operator_ceo_lname VARCHAR2 (30) 
  7      ) 
  8  ;

Table OPERATOR created.

SQL> 
SQL> COMMENT ON COLUMN OPERATOR.operator_id IS 'Operator identification number (Eg. 1005585966)' 
  2  ;

Comment created.

SQL> 
SQL> COMMENT ON COLUMN OPERATOR.operator_com_name IS 'Operator company name' 
  2  ;

Comment created.

SQL> 
SQL> COMMENT ON COLUMN OPERATOR.operator_ceo_fname IS 'Operator CEO first name' 
  2  ;

Comment created.

SQL> 
SQL> COMMENT ON COLUMN OPERATOR.operator_ceo_lname IS 'Operator CEO last name' 
  2  ;

Comment created.

SQL> 
SQL> ALTER TABLE OPERATOR 
  2      ADD CONSTRAINT OPERATOR_PK PRIMARY KEY ( operator_id ) ;

Table OPERATOR altered.

SQL> 
SQL> CREATE TABLE PASSENGER 
  2      ( 
  3       passenger_id         NUMBER (7)  NOT NULL , 
  4       passenger_fname      VARCHAR2 (30) , 
  5       passenger_lname      VARCHAR2 (30) , 
  6       passenger_birth_date DATE  NOT NULL , 
  7       passenger_phone_no   NUMBER (10) , 
  8       gender_id            NUMBER (10)  NOT NULL , 
  9       address_id           NUMBER (10)  NOT NULL , 
 10       guardian_id          NUMBER (7) 
 11      ) 
 12  ;

Table PASSENGER created.

SQL> 
SQL> COMMENT ON COLUMN PASSENGER.passenger_id IS 'Passenger identification number' 
  2  ;

Comment created.

SQL> 
SQL> COMMENT ON COLUMN PASSENGER.passenger_fname IS 'Passenger first name' 
  2  ;

Comment created.

SQL> 
SQL> COMMENT ON COLUMN PASSENGER.passenger_lname IS 'Passenger last name' 
  2  ;

Comment created.

SQL> 
SQL> COMMENT ON COLUMN PASSENGER.passenger_birth_date IS 'Passenger birth date' 
  2  ;

Comment created.

SQL> 
SQL> COMMENT ON COLUMN PASSENGER.passenger_phone_no IS 'Passenger phone number (for minors no phone number required)' 
  2  ;

Comment created.

SQL> 
SQL> COMMENT ON COLUMN PASSENGER.gender_id IS 'Gender identification number' 
  2  ;

Comment created.

SQL> 
SQL> COMMENT ON COLUMN PASSENGER.address_id IS 'Passenger address identifier' 
  2  ;

Comment created.

SQL> 
SQL> COMMENT ON COLUMN PASSENGER.guardian_id IS 'Passenger identification number' 
  2  ;

Comment created.

SQL> 
SQL> ALTER TABLE PASSENGER 
  2      ADD CONSTRAINT PASSENGER_PK PRIMARY KEY ( passenger_id ) ;

Table PASSENGER altered.

SQL> 
SQL> CREATE TABLE PORT 
  2      ( 
  3       port_code      CHAR (5)  NOT NULL , 
  4       port_name      VARCHAR2 (30)  NOT NULL , 
  5       port_latitude  NUMBER (8,6)  NOT NULL , 
  6       port_longitude NUMBER (9,6)  NOT NULL , 
  7       country_code   CHAR (3)  NOT NULL 
  8      ) 
  9  ;

Table PORT created.

SQL> 
SQL> COMMENT ON COLUMN PORT.port_code IS 'Port code char (Eg. AUSYD)' 
  2  ;

Comment created.

SQL> 
SQL> COMMENT ON COLUMN PORT.port_name IS 'Port name' 
  2  ;

Comment created.

SQL> 
SQL> COMMENT ON COLUMN PORT.port_latitude IS 'Port latitude location' 
  2  ;

Comment created.

SQL> 
SQL> COMMENT ON COLUMN PORT.port_longitude IS 'Port longitude location' 
  2  ;

Comment created.

SQL> 
SQL> COMMENT ON COLUMN PORT.country_code IS 'Country code char (Eg. AUS)' 
  2  ;

Comment created.

SQL> 
SQL> ALTER TABLE PORT 
  2      ADD CONSTRAINT PORT_PK PRIMARY KEY ( port_code ) ;

Table PORT altered.

SQL> 
SQL> CREATE TABLE SHIP 
  2      ( 
  3       ship_code         VARCHAR2 (6)  NOT NULL , 
  4       ship_name         VARCHAR2 (30)  NOT NULL , 
  5       ship_com_date     DATE  NOT NULL , 
  6       ship_tonnage      NUMBER (7)  NOT NULL , 
  7       ship_max_capacity NUMBER (5)  NOT NULL , 
  8       operator_id       NUMBER (7)  NOT NULL , 
  9       country_code      CHAR (3)  NOT NULL 
 10      ) 
 11  ;

Table SHIP created.

SQL> 
SQL> COMMENT ON COLUMN SHIP.ship_code IS 'Ship code number (Eg. AUS102)' 
  2  ;

Comment created.

SQL> 
SQL> COMMENT ON COLUMN SHIP.ship_name IS 'Ship name' 
  2  ;

Comment created.

SQL> 
SQL> COMMENT ON COLUMN SHIP.ship_com_date IS 'Ship commissioned date' 
  2  ;

Comment created.

SQL> 
SQL> COMMENT ON COLUMN SHIP.ship_tonnage IS 'Ship tonnage ' 
  2  ;

Comment created.

SQL> 
SQL> COMMENT ON COLUMN SHIP.ship_max_capacity IS 'Ship maximum guest capacity ' 
  2  ;

Comment created.

SQL> 
SQL> COMMENT ON COLUMN SHIP.operator_id IS 'Operator identification number (Eg. 1005585966)' 
  2  ;

Comment created.

SQL> 
SQL> COMMENT ON COLUMN SHIP.country_code IS 'Country code char (Eg. AUS)' 
  2  ;

Comment created.

SQL> 
SQL> ALTER TABLE SHIP 
  2      ADD CONSTRAINT SHIP_PK PRIMARY KEY ( ship_code ) ;

Table SHIP altered.

SQL> 
SQL> ALTER TABLE PASSENGER 
  2      ADD CONSTRAINT address_passenger FOREIGN KEY 
  3      ( 
  4       address_id
  5      ) 
  6      REFERENCES ADDRESS 
  7      ( 
  8       address_id
  9      ) 
 10  ;

Table PASSENGER altered.

SQL> 
SQL> ALTER TABLE MANIFEST 
  2      ADD CONSTRAINT cabin_manifest_fk FOREIGN KEY 
  3      ( 
  4       cabin_no,
  5       ship_code
  6      ) 
  7      REFERENCES CABIN 
  8      ( 
  9       cabin_no,
 10       ship_code
 11      ) 
 12  ;

Table MANIFEST altered.

SQL> 
SQL> ALTER TABLE ADDRESS 
  2      ADD CONSTRAINT country_address_fk FOREIGN KEY 
  3      ( 
  4       country_code
  5      ) 
  6      REFERENCES COUNTRY 
  7      ( 
  8       country_code
  9      ) 
 10  ;

Table ADDRESS altered.

SQL> 
SQL> ALTER TABLE PORT 
  2      ADD CONSTRAINT country_port_fk FOREIGN KEY 
  3      ( 
  4       country_code
  5      ) 
  6      REFERENCES COUNTRY 
  7      ( 
  8       country_code
  9      ) 
 10  ;

Table PORT altered.

SQL> 
SQL> ALTER TABLE SHIP 
  2      ADD CONSTRAINT country_ship_fk FOREIGN KEY 
  3      ( 
  4       country_code
  5      ) 
  6      REFERENCES COUNTRY 
  7      ( 
  8       country_code
  9      ) 
 10  ;

Table SHIP altered.

SQL> 
SQL> ALTER TABLE ITINERARY 
  2      ADD CONSTRAINT cruise_itinerary_fk FOREIGN KEY 
  3      ( 
  4       cruise_id
  5      ) 
  6      REFERENCES CRUISE 
  7      ( 
  8       cruise_id
  9      ) 
 10  ;

Table ITINERARY altered.

SQL> 
SQL> ALTER TABLE MANIFEST 
  2      ADD CONSTRAINT cruise_manifest_fk FOREIGN KEY 
  3      ( 
  4       cruise_id
  5      ) 
  6      REFERENCES CRUISE 
  7      ( 
  8       cruise_id
  9      ) 
 10  ;

Table MANIFEST altered.

SQL> 
SQL> ALTER TABLE PASSENGER 
  2      ADD CONSTRAINT gender_passenger_fk FOREIGN KEY 
  3      ( 
  4       gender_id
  5      ) 
  6      REFERENCES GENDER 
  7      ( 
  8       gender_id
  9      ) 
 10  ;

Table PASSENGER altered.

SQL> 
SQL> ALTER TABLE SHIP 
  2      ADD CONSTRAINT operator_ship_fk FOREIGN KEY 
  3      ( 
  4       operator_id
  5      ) 
  6      REFERENCES OPERATOR 
  7      ( 
  8       operator_id
  9      ) 
 10  ;

Table SHIP altered.

SQL> 
SQL> ALTER TABLE PASSENGER 
  2      ADD CONSTRAINT passenger_guardian_fk FOREIGN KEY 
  3      ( 
  4       guardian_id
  5      ) 
  6      REFERENCES PASSENGER 
  7      ( 
  8       passenger_id
  9      ) 
 10  ;

Table PASSENGER altered.

SQL> 
SQL> ALTER TABLE MANIFEST 
  2      ADD CONSTRAINT passenger_manifest_fk FOREIGN KEY 
  3      ( 
  4       passenger_id
  5      ) 
  6      REFERENCES PASSENGER 
  7      ( 
  8       passenger_id
  9      ) 
 10  ;

Table MANIFEST altered.

SQL> 
SQL> ALTER TABLE ITINERARY 
  2      ADD CONSTRAINT port_itinerary_fk FOREIGN KEY 
  3      ( 
  4       port_code
  5      ) 
  6      REFERENCES PORT 
  7      ( 
  8       port_code
  9      ) 
 10  ;

Table ITINERARY altered.

SQL> 
SQL> ALTER TABLE CABIN 
  2      ADD CONSTRAINT ship_cabin_fk FOREIGN KEY 
  3      ( 
  4       ship_code
  5      ) 
  6      REFERENCES SHIP 
  7      ( 
  8       ship_code
  9      ) 
 10  ;

Table CABIN altered.

SQL> 
SQL> ALTER TABLE CRUISE 
  2      ADD CONSTRAINT ship_cruise_fk FOREIGN KEY 
  3      ( 
  4       ship_code
  5      ) 
  6      REFERENCES SHIP 
  7      ( 
  8       ship_code
  9      ) 
 10  ;

Table CRUISE altered.

SQL> 
SQL> 
SQL> 
SQL> -- Oracle SQL Developer Data Modeler Summary Report: 
SQL> -- 
SQL> -- CREATE TABLE                            11
SQL> -- CREATE INDEX                             0
SQL> -- ALTER TABLE                             28
SQL> -- CREATE VIEW                              0
SQL> -- ALTER VIEW                               0
SQL> -- CREATE PACKAGE                           0
SQL> -- CREATE PACKAGE BODY                      0
SQL> -- CREATE PROCEDURE                         0
SQL> -- CREATE FUNCTION                          0
SQL> -- CREATE TRIGGER                           0
SQL> -- ALTER TRIGGER                            0
SQL> -- CREATE COLLECTION TYPE                   0
SQL> -- CREATE STRUCTURED TYPE                   0
SQL> -- CREATE STRUCTURED TYPE BODY              0
SQL> -- CREATE CLUSTER                           0
SQL> -- CREATE CONTEXT                           0
SQL> -- CREATE DATABASE                          0
SQL> -- CREATE DIMENSION                         0
SQL> -- CREATE DIRECTORY                         0
SQL> -- CREATE DISK GROUP                        0
SQL> -- CREATE ROLE                              0
SQL> -- CREATE ROLLBACK SEGMENT                  0
SQL> -- CREATE SEQUENCE                          0
SQL> -- CREATE MATERIALIZED VIEW                 0
SQL> -- CREATE MATERIALIZED VIEW LOG             0
SQL> -- CREATE SYNONYM                           0
SQL> -- CREATE TABLESPACE                        0
SQL> -- CREATE USER                              0
SQL> -- 
SQL> -- DROP TABLESPACE                          0
SQL> -- DROP DATABASE                            0
SQL> -- 
SQL> -- REDACTION POLICY                         0
SQL> -- TSDP POLICY                              0
SQL> -- 
SQL> -- ORDS DROP SCHEMA                         0
SQL> -- ORDS ENABLE SCHEMA                       0
SQL> -- ORDS ENABLE OBJECT                       0
SQL> -- 
SQL> -- ERRORS                                   0
SQL> -- WARNINGS                                 0
SQL> 
SQL> SPOOL off
